Archive member included to satisfy reference by file (symbol)

/home/javier/tools/riscv/riscv32-unknown-elf/lib/libm_nano.a(lib_a-w_log.o)
                              CMakeFiles/main.elf.dir/home/javier/gr-heep/sw/device/lib/drivers/im2col_spc/im2col.c.obj (log)
/home/javier/tools/riscv/riscv32-unknown-elf/lib/libm_nano.a(lib_a-e_log.o)
                              /home/javier/tools/riscv/riscv32-unknown-elf/lib/libm_nano.a(lib_a-w_log.o) (__ieee754_log)
/home/javier/tools/riscv/riscv32-unknown-elf/lib/libm_nano.a(lib_a-s_nan.o)
                              /home/javier/tools/riscv/riscv32-unknown-elf/lib/libm_nano.a(lib_a-w_log.o) (nan)
/home/javier/tools/riscv/riscv32-unknown-elf/lib/libc_nano.a(lib_a-atexit.o)
                              CMakeFiles/main.elf.dir/device/lib/crt/crt0.S.obj (atexit)
/home/javier/tools/riscv/riscv32-unknown-elf/lib/libc_nano.a(lib_a-errno.o)
                              /home/javier/tools/riscv/riscv32-unknown-elf/lib/libm_nano.a(lib_a-w_log.o) (__errno)
/home/javier/tools/riscv/riscv32-unknown-elf/lib/libc_nano.a(lib_a-exit.o)
                              CMakeFiles/main.elf.dir/device/lib/crt/crt0.S.obj (exit)
/home/javier/tools/riscv/riscv32-unknown-elf/lib/libc_nano.a(lib_a-fini.o)
                              CMakeFiles/main.elf.dir/device/lib/crt/crt0.S.obj (__libc_fini_array)
/home/javier/tools/riscv/riscv32-unknown-elf/lib/libc_nano.a(lib_a-impure.o)
                              /home/javier/tools/riscv/riscv32-unknown-elf/lib/libc_nano.a(lib_a-exit.o) (_global_impure_ptr)
/home/javier/tools/riscv/riscv32-unknown-elf/lib/libc_nano.a(lib_a-init.o)
                              CMakeFiles/main.elf.dir/device/lib/crt/crt0.S.obj (__libc_init_array)
/home/javier/tools/riscv/riscv32-unknown-elf/lib/libc_nano.a(lib_a-malloc.o)
                              CMakeFiles/main.elf.dir/home/javier/gr-heep/sw/device/lib/runtime/heap.cpp.obj (malloc)
/home/javier/tools/riscv/riscv32-unknown-elf/lib/libc_nano.a(lib_a-memcmp.o)
                              CMakeFiles/main.elf.dir/home/javier/gr-heep/sw/applications/zsbl/main.c.obj (memcmp)
/home/javier/tools/riscv/riscv32-unknown-elf/lib/libc_nano.a(lib_a-memcpy-asm.o)
                              CMakeFiles/main.elf.dir/home/javier/gr-heep/sw/device/bsp/w25q/w25q.c.obj (memcpy)
/home/javier/tools/riscv/riscv32-unknown-elf/lib/libc_nano.a(lib_a-memset.o)
                              CMakeFiles/main.elf.dir/device/lib/crt/crt0.S.obj (memset)
/home/javier/tools/riscv/riscv32-unknown-elf/lib/libc_nano.a(lib_a-nano-freer.o)
                              /home/javier/tools/riscv/riscv32-unknown-elf/lib/libc_nano.a(lib_a-malloc.o) (_free_r)
/home/javier/tools/riscv/riscv32-unknown-elf/lib/libc_nano.a(lib_a-nano-mallocr.o)
                              /home/javier/tools/riscv/riscv32-unknown-elf/lib/libc_nano.a(lib_a-malloc.o) (_malloc_r)
/home/javier/tools/riscv/riscv32-unknown-elf/lib/libc_nano.a(lib_a-printf.o)
                              CMakeFiles/main.elf.dir/home/javier/gr-heep/sw/applications/zsbl/main.c.obj (printf)
/home/javier/tools/riscv/riscv32-unknown-elf/lib/libc_nano.a(lib_a-putchar.o)
                              CMakeFiles/main.elf.dir/home/javier/gr-heep/sw/applications/zsbl/main.c.obj (putchar)
/home/javier/tools/riscv/riscv32-unknown-elf/lib/libc_nano.a(lib_a-puts.o)
                              CMakeFiles/main.elf.dir/home/javier/gr-heep/sw/applications/zsbl/main.c.obj (puts)
/home/javier/tools/riscv/riscv32-unknown-elf/lib/libc_nano.a(lib_a-reent.o)
                              CMakeFiles/main.elf.dir/home/javier/gr-heep/sw/device/lib/runtime/syscalls.c.obj (errno)
/home/javier/tools/riscv/riscv32-unknown-elf/lib/libc_nano.a(lib_a-sbrkr.o)
                              /home/javier/tools/riscv/riscv32-unknown-elf/lib/libc_nano.a(lib_a-nano-mallocr.o) (_sbrk_r)
/home/javier/tools/riscv/riscv32-unknown-elf/lib/libc_nano.a(lib_a-strlen.o)
                              CMakeFiles/main.elf.dir/home/javier/gr-heep/sw/device/lib/runtime/syscalls.c.obj (strlen)
/home/javier/tools/riscv/riscv32-unknown-elf/lib/libc_nano.a(lib_a-wbuf.o)
                              /home/javier/tools/riscv/riscv32-unknown-elf/lib/libc_nano.a(lib_a-puts.o) (__swbuf_r)
/home/javier/tools/riscv/riscv32-unknown-elf/lib/libc_nano.a(lib_a-wsetup.o)
                              /home/javier/tools/riscv/riscv32-unknown-elf/lib/libc_nano.a(lib_a-puts.o) (__swsetup_r)
/home/javier/tools/riscv/riscv32-unknown-elf/lib/libc_nano.a(lib_a-__atexit.o)
                              /home/javier/tools/riscv/riscv32-unknown-elf/lib/libc_nano.a(lib_a-atexit.o) (__register_exitproc)
/home/javier/tools/riscv/riscv32-unknown-elf/lib/libc_nano.a(lib_a-__call_atexit.o)
                              /home/javier/tools/riscv/riscv32-unknown-elf/lib/libc_nano.a(lib_a-__atexit.o) (__call_exitprocs)
/home/javier/tools/riscv/riscv32-unknown-elf/lib/libc_nano.a(lib_a-fflush.o)
[...]
Memory Configuration

Name             Origin             Length             Attributes
BOOTROM          0x0000000020010000 0x0000000000010000 xr
RAM              0x0000000000020000 0x0000000000008000 xrw
*default*        0x0000000000000000 0xffffffffffffffff

Linker script and memory map

LOAD /home/javier/tools/riscv/lib/gcc/riscv32-unknown-elf/12.2.0/libgcc.a
LOAD CMakeFiles/main.elf.dir/home/javier/gr-heep/sw/applications/zsbl/main.c.obj
LOAD CMakeFiles/main.elf.dir/device/lib/crt/crt0.S.obj
LOAD CMakeFiles/main.elf.dir/device/lib/crt/vectors.S.obj
LOAD CMakeFiles/main.elf.dir/home/javier/gr-heep/sw/device/bsp/w25q/w25q.c.obj
LOAD CMakeFiles/main.elf.dir/home/javier/gr-heep/sw/device/lib/base/memory.c.obj
LOAD CMakeFiles/main.elf.dir/home/javier/gr-heep/sw/device/lib/base/mmio.c.obj
LOAD CMakeFiles/main.elf.dir/home/javier/gr-heep/sw/device/lib/drivers/dma/dma.c.obj
LOAD CMakeFiles/main.elf.dir/home/javier/gr-heep/sw/device/lib/drivers/fast_intr_ctrl/fast_intr_ctrl.c.obj
LOAD CMakeFiles/main.elf.dir/home/javier/gr-heep/sw/device/lib/drivers/gpio/gpio.c.obj
LOAD CMakeFiles/main.elf.dir/home/javier/gr-heep/sw/device/lib/drivers/i2c/i2c.c.obj
LOAD CMakeFiles/main.elf.dir/home/javier/gr-heep/sw/device/lib/drivers/i2s/i2s.c.obj
LOAD CMakeFiles/main.elf.dir/home/javier/gr-heep/sw/device/lib/drivers/im2col_spc/im2col.c.obj
LOAD CMakeFiles/main.elf.dir/home/javier/gr-heep/sw/device/lib/drivers/pad_control/pad_control.c.obj
LOAD CMakeFiles/main.elf.dir/home/javier/gr-heep/sw/device/lib/drivers/power_manager/power_manager.c.obj
LOAD CMakeFiles/main.elf.dir/home/javier/gr-heep/sw/device/lib/drivers/rv_plic/rv_plic.c.obj
LOAD CMakeFiles/main.elf.dir/home/javier/gr-heep/sw/device/lib/drivers/rv_timer/rv_timer.c.obj
LOAD CMakeFiles/main.elf.dir/home/javier/gr-heep/sw/device/lib/drivers/serial_link/serial_link.c.obj
LOAD CMakeFiles/main.elf.dir/home/javier/gr-heep/sw/device/lib/drivers/soc_ctrl/soc_ctrl.c.obj
LOAD CMakeFiles/main.elf.dir/home/javier/gr-heep/sw/device/lib/drivers/spi_host/spi_host.c.obj
LOAD CMakeFiles/main.elf.dir/home/javier/gr-heep/sw/device/lib/drivers/uart/uart.c.obj
LOAD CMakeFiles/main.elf.dir/home/javier/gr-heep/sw/device/lib/drivers/w25q128jw_controller/w25q128jw_controller.c.obj
LOAD CMakeFiles/main.elf.dir/home/javier/gr-heep/sw/device/lib/runtime/core_v_mini_mcu.c.obj
LOAD CMakeFiles/main.elf.dir/home/javier/gr-heep/sw/device/lib/runtime/handler.c.obj
LOAD CMakeFiles/main.elf.dir/home/javier/gr-heep/sw/device/lib/runtime/init.c.obj
LOAD CMakeFiles/main.elf.dir/home/javier/gr-heep/sw/device/lib/runtime/syscalls.c.obj
LOAD CMakeFiles/main.elf.dir/home/javier/gr-heep/sw/device/lib/sdk/dma/dma_sdk.c.obj
LOAD CMakeFiles/main.elf.dir/home/javier/gr-heep/sw/device/lib/sdk/spi/spi_sdk.c.obj
LOAD CMakeFiles/main.elf.dir/home/javier/gr-heep/sw/device/lib/sdk/spi_slave/spi_slave_sdk.c.obj
LOAD CMakeFiles/main.elf.dir/home/javier/gr-heep/sw/device/lib/sdk/timer/timer_sdk.c.obj
LOAD CMakeFiles/main.elf.dir/home/javier/gr-heep/sw/external/lib/runtime/ext_irq.c.obj
LOAD CMakeFiles/main.elf.dir/home/javier/gr-heep/sw/device/lib/drivers/power_manager/power_manager_cpu_restore.S.obj
LOAD CMakeFiles/main.elf.dir/home/javier/gr-heep/sw/device/lib/drivers/power_manager/power_manager_cpu_store.S.obj
LOAD CMakeFiles/main.elf.dir/home/javier/gr-heep/sw/device/lib/runtime/heap.cpp.obj
LOAD CMakeFiles/main.elf.dir/home/javier/gr-heep/sw/device/lib/runtime/syscalls_cpp.cpp.obj
LOAD /home/javier/tools/riscv/riscv32-unknown-elf/lib/libstdc++.a
LOAD /home/javier/tools/riscv/riscv32-unknown-elf/lib/libm_nano.a
LOAD /home/javier/tools/riscv/riscv32-unknown-elf/lib/libc_nano.a
LOAD /home/javier/tools/riscv/lib/gcc/riscv32-unknown-elf/12.2.0/libgcc.a
LOAD /home/javier/tools/riscv/riscv32-unknown-elf/lib/libg_nano.a
LOAD /home/javier/tools/riscv/riscv32-unknown-elf/lib/libc_nano.a
LOAD /home/javier/tools/riscv/lib/gcc/riscv32-unknown-elf/12.2.0/libgcc.a
START GROUP
LOAD /home/javier/tools/riscv/lib/gcc/riscv32-unknown-elf/12.2.0/libgcc.a
LOAD /home/javier/tools/riscv/riscv32-unknown-elf/lib/libc_nano.a
LOAD /home/javier/tools/riscv/riscv32-unknown-elf/lib/libgloss_nano.a
END GROUP
                [!provide]                        PROVIDE (__boot_address = 0x20010180)
                0x0000000000000800                __stack_size = DEFINED (__stack_size)?__stack_size:0x800
                [!provide]                        PROVIDE (__stack_size = __stack_size)
                0x0000000000000800                __heap_size = DEFINED (__heap_size)?__heap_size:0x800

.init           0x0000000020010000       0x82
 *(SORT_NONE(.init))
 *(.text.start)
 .text.start    0x0000000020010000       0x82 CMakeFiles/main.elf.dir/device/lib/crt/crt0.S.obj
                0x0000000020010000                _start
                0x000000002001007c                _init
                0x0000000020010080                _fini

.vectors        0x0000000020010100       0x80
                0x0000000020010100                PROVIDE (__vector_start = .)
 *(.vectors)
 .vectors       0x0000000020010100       0x80 CMakeFiles/main.elf.dir/device/lib/crt/vectors.S.obj

.text           0x0000000020010180     0x3398
                0x0000000020010180                . = ALIGN (0x4)
 *(.text)
 .text          0x0000000020010180       0x16 /home/javier/tools/riscv/riscv32-unknown-elf/lib/libc_nano.a(lib_a-memcpy-asm.o)
                0x0000000020010180                memcpy
 .text          0x0000000020010196       0x10 /home/javier/tools/riscv/riscv32-unknown-elf/lib/libc_nano.a(lib_a-memset.o)
                0x0000000020010196                memset
 .text          0x00000000200101a6       0x24 /home/javier/tools/riscv/lib/gcc/riscv32-unknown-elf/12.2.0/libgcc.a(_bswapsi2.o)
                0x00000000200101a6                __bswapsi2
 *(.text*)
 .text.fic_irq_ext_peripheral
                0x00000000200101ca       0x10 CMakeFiles/main.elf.dir/home/javier/gr-heep/sw/applications/zsbl/main.c.obj
                0x00000000200101ca                fic_irq_ext_peripheral
 .text.secure_halt
                0x00000000200101da       0x28 CMakeFiles/main.elf.dir/home/javier/gr-heep/sw/applications/zsbl/main.c.obj
                0x00000000200101da                secure_halt
 .text.handler_exception
                0x0000000020010202       0x26 CMakeFiles/main.elf.dir/home/javier/gr-heep/sw/applications/zsbl/main.c.obj
                0x0000000020010202                handler_exception
 .text.startup.main
                0x0000000020010228      0x35a CMakeFiles/main.elf.dir/home/javier/gr-heep/sw/applications/zsbl/main.c.obj
                0x0000000020010228                main
 .text.vecs     0x0000000020010582        0x4 CMakeFiles/main.elf.dir/device/lib/crt/vectors.S.obj
                0x0000000020010582                __no_irq_handler
 .text.flash_write_enable
                0x0000000020010586       0x2e CMakeFiles/main.elf.dir/home/javier/gr-heep/sw/device/bsp/w25q/w25q.c.obj
 .text.flash_wait
                0x00000000200105b4       0x68 CMakeFiles/main.elf.dir/home/javier/gr-heep/sw/device/bsp/w25q/w25q.c.obj
 .text.w25q128jw_read_quad.part.0
                0x000000002001061c      0x158 CMakeFiles/main.elf.dir/home/javier/gr-heep/sw/device/bsp/w25q/w25q.c.obj
 .text.w25q128jw_init
                0x0000000020010774      0x18e CMakeFiles/main.elf.dir/home/javier/gr-heep/sw/device/bsp/w25q/w25q.c.obj
                0x0000000020010774                w25q128jw_init
 .text.w25q128jw_read_quad
                0x0000000020010902       0x16 CMakeFiles/main.elf.dir/home/javier/gr-heep/sw/device/bsp/w25q/w25q.c.obj
                0x0000000020010902                w25q128jw_read_quad
 .text.fic_irq_dma_window
                0x0000000020010918       0x54 CMakeFiles/main.elf.dir/home/javier/gr-heep/sw/device/lib/drivers/dma/dma.c.obj
                0x0000000020010918                fic_irq_dma_window
 .text.fic_irq_dma_done
                0x000000002001096c       0x6c CMakeFiles/main.elf.dir/home/javier/gr-heep/sw/device/lib/drivers/dma/dma.c.obj
                0x000000002001096c                fic_irq_dma_done
 .text.dma_intr_handler_trans_done
                0x00000000200109d8       0x14 CMakeFiles/main.elf.dir/home/javier/gr-heep/sw/device/lib/drivers/dma/dma.c.obj
                0x00000000200109d8                dma_intr_handler_trans_done
 .text.dma_intr_handler_window_done
                0x00000000200109ec       0x10 CMakeFiles/main.elf.dir/home/javier/gr-heep/sw/device/lib/drivers/dma/dma.c.obj
                0x00000000200109ec                dma_intr_handler_window_done
 .text.fic_irq_timer_1
                0x00000000200109fc        0xe CMakeFiles/main.elf.dir/home/javier/gr-heep/sw/device/lib/drivers/fast_intr_ctrl/fast_intr_ctrl.c.obj
                0x00000000200109fc                fic_irq_timer_1
 .text.fic_irq_timer_2
                0x0000000020010a0a        0xc CMakeFiles/main.elf.dir/home/javier/gr-heep/sw/device/lib/drivers/fast_intr_ctrl/fast_intr_ctrl.c.obj
                0x0000000020010a0a                fic_irq_timer_2
 .text.fic_irq_timer_3
                0x0000000020010a16        0xc CMakeFiles/main.elf.dir/home/javier/gr-heep/sw/device/lib/drivers/fast_intr_ctrl/fast_intr_ctrl.c.obj
                0x0000000020010a16                fic_irq_timer_3
 .text.fic_irq_gpio_0
                0x0000000020010a22        0xc CMakeFiles/main.elf.dir/home/javier/gr-heep/sw/device/lib/drivers/fast_intr_ctrl/fast_intr_ctrl.c.obj
                0x0000000020010a22                fic_irq_gpio_0
 .text.fic_irq_gpio_1
                0x0000000020010a2e        0xc CMakeFiles/main.elf.dir/home/javier/gr-heep/sw/device/lib/drivers/fast_intr_ctrl/fast_intr_ctrl.c.obj
                0x0000000020010a2e                fic_irq_gpio_1
 .text.fic_irq_gpio_2
                0x0000000020010a3a        0xc CMakeFiles/main.elf.dir/home/javier/gr-heep/sw/device/lib/drivers/fast_intr_ctrl/fast_intr_ctrl.c.obj
                0x0000000020010a3a                fic_irq_gpio_2
 .text.fic_irq_gpio_3
                0x0000000020010a46        0xc CMakeFiles/main.elf.dir/home/javier/gr-heep/sw/device/lib/drivers/fast_intr_ctrl/fast_intr_ctrl.c.obj
                0x0000000020010a46                fic_irq_gpio_3
 .text.fic_irq_gpio_4
                0x0000000020010a52        0xc CMakeFiles/main.elf.dir/home/javier/gr-heep/sw/device/lib/drivers/fast_intr_ctrl/fast_intr_ctrl.c.obj
                0x0000000020010a52                fic_irq_gpio_4
 .text.fic_irq_gpio_5
                0x0000000020010a5e        0xc CMakeFiles/main.elf.dir/home/javier/gr-heep/sw/device/lib/drivers/fast_intr_ctrl/fast_intr_ctrl.c.obj
                0x0000000020010a5e                fic_irq_gpio_5
 .text.fic_irq_gpio_6
                0x0000000020010a6a        0xc CMakeFiles/main.elf.dir/home/javier/gr-heep/sw/device/lib/drivers/fast_intr_ctrl/fast_intr_ctrl.c.obj
                0x0000000020010a6a                fic_irq_gpio_6
 .text.fic_irq_gpio_7
                0x0000000020010a76        0xc CMakeFiles/main.elf.dir/home/javier/gr-heep/sw/device/lib/drivers/fast_intr_ctrl/fast_intr_ctrl.c.obj
                0x0000000020010a76                fic_irq_gpio_7
 .text.enable_fast_interrupt
                0x0000000020010a82       0x22 CMakeFiles/main.elf.dir/home/javier/gr-heep/sw/device/lib/drivers/fast_intr_ctrl/fast_intr_ctrl.c.obj
                0x0000000020010a82                enable_fast_interrupt
 .text.handler_irq_fast_timer_1
                0x0000000020010aa4       0x54 CMakeFiles/main.elf.dir/home/javier/gr-heep/sw/device/lib/drivers/fast_intr_ctrl/fast_intr_ctrl.c.obj
                0x0000000020010aa4                handler_irq_fast_timer_1
 *fill*         0x0000000020010af8        0x0 
 .text.handler_irq_fast_timer_2
                0x0000000020010af8       0x54 CMakeFiles/main.elf.dir/home/javier/gr-heep/sw/device/lib/drivers/fast_intr_ctrl/fast_intr_ctrl.c.obj
                0x0000000020010af8                handler_irq_fast_timer_2
 *fill*         0x0000000020010b4c        0x0 
 .text.handler_irq_fast_timer_3
                0x0000000020010b4c       0x54 CMakeFiles/main.elf.dir/home/javier/gr-heep/sw/device/lib/drivers/fast_intr_ctrl/fast_intr_ctrl.c.obj
                0x0000000020010b4c                handler_irq_fast_timer_3
 *fill*         0x0000000020010ba0        0x0 
 .text.handler_irq_fast_dma_done
                0x0000000020010ba0       0x54 CMakeFiles/main.elf.dir/home/javier/gr-heep/sw/device/lib/drivers/fast_intr_ctrl/fast_intr_ctrl.c.obj
                0x0000000020010ba0                handler_irq_fast_dma_done
 *fill*         0x0000000020010bf4        0x0 
 .text.handler_irq_fast_dma_window
                0x0000000020010bf4       0x54 CMakeFiles/main.elf.dir/home/javier/gr-heep/sw/device/lib/drivers/fast_intr_ctrl/fast_intr_ctrl.c.obj
                0x0000000020010bf4                handler_irq_fast_dma_window
 *fill*         0x0000000020010c48        0x0 
 .text.handler_irq_fast_external_peripheral
                0x0000000020010c48       0x56 CMakeFiles/main.elf.dir/home/javier/gr-heep/sw/device/lib/drivers/fast_intr_ctrl/fast_intr_ctrl.c.obj
                0x0000000020010c48                handler_irq_fast_external_peripheral
 *fill*         0x0000000020010c9e        0x2 
 .text.handler_irq_fast_spi
                0x0000000020010ca0       0x54 CMakeFiles/main.elf.dir/home/javier/gr-heep/sw/device/lib/drivers/fast_intr_ctrl/fast_intr_ctrl.c.obj
                0x0000000020010ca0                handler_irq_fast_spi
 *fill*         0x0000000020010cf4        0x0 
 .text.handler_irq_fast_spi_flash
                0x0000000020010cf4       0x54 CMakeFiles/main.elf.dir/home/javier/gr-heep/sw/device/lib/drivers/fast_intr_ctrl/fast_intr_ctrl.c.obj
                0x0000000020010cf4                handler_irq_fast_spi_flash
 *fill*         0x0000000020010d48        0x0 
 .text.handler_irq_fast_gpio_0
                0x0000000020010d48       0x54 CMakeFiles/main.elf.dir/home/javier/gr-heep/sw/device/lib/drivers/fast_intr_ctrl/fast_intr_ctrl.c.obj
                0x0000000020010d48                handler_irq_fast_gpio_0
 *fill*         0x0000000020010d9c        0x0 
 .text.handler_irq_fast_gpio_1
                0x0000000020010d9c       0x54 CMakeFiles/main.elf.dir/home/javier/gr-heep/sw/device/lib/drivers/fast_intr_ctrl/fast_intr_ctrl.c.obj
                0x0000000020010d9c                handler_irq_fast_gpio_1
 *fill*         0x0000000020010df0        0x0 
 .text.handler_irq_fast_gpio_2
                0x0000000020010df0       0x54 CMakeFiles/main.elf.dir/home/javier/gr-heep/sw/device/lib/drivers/fast_intr_ctrl/fast_intr_ctrl.c.obj
                0x0000000020010df0                handler_irq_fast_gpio_2
 *fill*         0x0000000020010e44        0x0 
 .text.handler_irq_fast_gpio_3
                0x0000000020010e44       0x54 CMakeFiles/main.elf.dir/home/javier/gr-heep/sw/device/lib/drivers/fast_intr_ctrl/fast_intr_ctrl.c.obj
                0x0000000020010e44                handler_irq_fast_gpio_3
 *fill*         0x0000000020010e98        0x0 
 .text.handler_irq_fast_gpio_4
                0x0000000020010e98       0x54 CMakeFiles/main.elf.dir/home/javier/gr-heep/sw/device/lib/drivers/fast_intr_ctrl/fast_intr_ctrl.c.obj
                0x0000000020010e98                handler_irq_fast_gpio_4
 *fill*         0x0000000020010eec        0x0 
 .text.handler_irq_fast_gpio_5
                0x0000000020010eec       0x58 CMakeFiles/main.elf.dir/home/javier/gr-heep/sw/device/lib/drivers/fast_intr_ctrl/fast_intr_ctrl.c.obj
                0x0000000020010eec                handler_irq_fast_gpio_5
 *fill*         0x0000000020010f44        0x0 
 .text.handler_irq_fast_gpio_6
                0x0000000020010f44       0x54 CMakeFiles/main.elf.dir/home/javier/gr-heep/sw/device/lib/drivers/fast_intr_ctrl/fast_intr_ctrl.c.obj
                0x0000000020010f44                handler_irq_fast_gpio_6
 *fill*         0x0000000020010f98        0x0 
 .text.handler_irq_fast_gpio_7
                0x0000000020010f98       0x54 CMakeFiles/main.elf.dir/home/javier/gr-heep/sw/device/lib/drivers/fast_intr_ctrl/fast_intr_ctrl.c.obj
                0x0000000020010f98                handler_irq_fast_gpio_7
 *fill*         0x0000000020010fec        0x0 
 .text.handler_irq_external
                0x0000000020010fec       0x6e CMakeFiles/main.elf.dir/home/javier/gr-heep/sw/device/lib/drivers/rv_plic/rv_plic.c.obj
                0x0000000020010fec                handler_irq_external
 .text.soc_ctrl_set_valid
                0x000000002001105a        0x8 CMakeFiles/main.elf.dir/home/javier/gr-heep/sw/device/lib/drivers/soc_ctrl/soc_ctrl.c.obj
                0x000000002001105a                soc_ctrl_set_valid
 .text.soc_ctrl_set_exit_value
                0x0000000020011062        0x6 CMakeFiles/main.elf.dir/home/javier/gr-heep/sw/device/lib/drivers/soc_ctrl/soc_ctrl.c.obj
                0x0000000020011062                soc_ctrl_set_exit_value
 .text.soc_ctrl_get_frequency
                0x0000000020011068        0x6 CMakeFiles/main.elf.dir/home/javier/gr-heep/sw/device/lib/drivers/soc_ctrl/soc_ctrl.c.obj
                0x0000000020011068                soc_ctrl_get_frequency
 .text.soc_ctrl_select_spi_host
                0x000000002001106e        0xc CMakeFiles/main.elf.dir/home/javier/gr-heep/sw/device/lib/drivers/soc_ctrl/soc_ctrl.c.obj
                0x000000002001106e                soc_ctrl_select_spi_host
 .text.spi_set_events_enabled
                0x000000002001107a       0x2c CMakeFiles/main.elf.dir/home/javier/gr-heep/sw/device/lib/drivers/spi_host/spi_host.c.obj
                0x000000002001107a                spi_set_events_enabled
 .text.spi_set_errors_enabled
                0x00000000200110a6       0x2a CMakeFiles/main.elf.dir/home/javier/gr-heep/sw/device/lib/drivers/spi_host/spi_host.c.obj
                0x00000000200110a6                spi_set_errors_enabled
 .text.spi_sw_reset
                0x00000000200110d0       0x46 CMakeFiles/main.elf.dir/home/javier/gr-heep/sw/device/lib/drivers/spi_host/spi_host.c.obj
                0x00000000200110d0                spi_sw_reset
 .text.spi_set_enable
                0x0000000020011116       0x18 CMakeFiles/main.elf.dir/home/javier/gr-heep/sw/device/lib/drivers/spi_host/spi_host.c.obj
                0x0000000020011116                spi_set_enable
 .text.spi_set_tx_watermark
                0x000000002001112e       0x26 CMakeFiles/main.elf.dir/home/javier/gr-heep/sw/device/lib/drivers/spi_host/spi_host.c.obj
                0x000000002001112e                spi_set_tx_watermark
 .text.spi_set_rx_watermark
                0x0000000020011154       0x20 CMakeFiles/main.elf.dir/home/javier/gr-heep/sw/device/lib/drivers/spi_host/spi_host.c.obj
                0x0000000020011154                spi_set_rx_watermark
 .text.spi_set_configopts
                0x0000000020011174       0x1c CMakeFiles/main.elf.dir/home/javier/gr-heep/sw/device/lib/drivers/spi_host/spi_host.c.obj
                0x0000000020011174                spi_set_configopts
 .text.spi_set_csid
                0x0000000020011190       0x16 CMakeFiles/main.elf.dir/home/javier/gr-heep/sw/device/lib/drivers/spi_host/spi_host.c.obj
                0x0000000020011190                spi_set_csid
 .text.spi_set_command
                0x00000000200111a6       0x3e CMakeFiles/main.elf.dir/home/javier/gr-heep/sw/device/lib/drivers/spi_host/spi_host.c.obj
                0x00000000200111a6                spi_set_command
 .text.spi_write_word
                0x00000000200111e4       0x20 CMakeFiles/main.elf.dir/home/javier/gr-heep/sw/device/lib/drivers/spi_host/spi_host.c.obj
                0x00000000200111e4                spi_write_word
 .text.spi_read_word
                0x0000000020011204       0x1e CMakeFiles/main.elf.dir/home/javier/gr-heep/sw/device/lib/drivers/spi_host/spi_host.c.obj
                0x0000000020011204                spi_read_word
 .text.spi_enable_evt_intr
                0x0000000020011222       0x16 CMakeFiles/main.elf.dir/home/javier/gr-heep/sw/device/lib/drivers/spi_host/spi_host.c.obj
                0x0000000020011222                spi_enable_evt_intr
 .text.spi_enable_error_intr
                0x0000000020011238       0x16 CMakeFiles/main.elf.dir/home/javier/gr-heep/sw/device/lib/drivers/spi_host/spi_host.c.obj
                0x0000000020011238                spi_enable_error_intr
 .text.spi_output_enable
                0x000000002001124e       0x1c CMakeFiles/main.elf.dir/home/javier/gr-heep/sw/device/lib/drivers/spi_host/spi_host.c.obj
                0x000000002001124e                spi_output_enable
 .text.spi_get_events
                0x000000002001126a       0x58 CMakeFiles/main.elf.dir/home/javier/gr-heep/sw/device/lib/drivers/spi_host/spi_host.c.obj
                0x000000002001126a                spi_get_events
 .text.fic_irq_spi
                0x00000000200112c2       0x2a CMakeFiles/main.elf.dir/home/javier/gr-heep/sw/device/lib/drivers/spi_host/spi_host.c.obj
                0x00000000200112c2                fic_irq_spi
 .text.fic_irq_spi_flash
                0x00000000200112ec       0x2a CMakeFiles/main.elf.dir/home/javier/gr-heep/sw/device/lib/drivers/spi_host/spi_host.c.obj
                0x00000000200112ec                fic_irq_spi_flash
 .text.uart_init
                0x0000000020011316       0x5a CMakeFiles/main.elf.dir/home/javier/gr-heep/sw/device/lib/drivers/uart/uart.c.obj
                0x0000000020011316                uart_init
 .text.uart_write
                0x0000000020011370       0x26 CMakeFiles/main.elf.dir/home/javier/gr-heep/sw/device/lib/drivers/uart/uart.c.obj
                0x0000000020011370                uart_write
 *fill*         0x0000000020011396        0x2 
 .text.handler_irq_software
                0x0000000020011398       0x30 CMakeFiles/main.elf.dir/home/javier/gr-heep/sw/device/lib/runtime/handler.c.obj
                0x0000000020011398                handler_irq_software
 *fill*         0x00000000200113c8        0x0 
 .text.handler_irq_timer
                0x00000000200113c8       0x30 CMakeFiles/main.elf.dir/home/javier/gr-heep/sw/device/lib/runtime/handler.c.obj
                0x00000000200113c8                handler_irq_timer
 .text.init     0x00000000200113f8        0x4 CMakeFiles/main.elf.dir/home/javier/gr-heep/sw/device/lib/runtime/init.c.obj
                0x00000000200113f8                init
 .text._close   0x00000000200113fc        0x4 CMakeFiles/main.elf.dir/home/javier/gr-heep/sw/device/lib/runtime/syscalls.c.obj
                0x00000000200113fc                _close
 .text._exit    0x0000000020011400       0x1a CMakeFiles/main.elf.dir/home/javier/gr-heep/sw/device/lib/runtime/syscalls.c.obj
                0x0000000020011400                _exit
 .text._fstat   0x000000002001141a        0x8 CMakeFiles/main.elf.dir/home/javier/gr-heep/sw/device/lib/runtime/syscalls.c.obj
                0x000000002001141a                _fstat
 .text._isatty  0x0000000020011422        0x8 CMakeFiles/main.elf.dir/home/javier/gr-heep/sw/device/lib/runtime/syscalls.c.obj
                0x0000000020011422                _isatty
 .text._lseek   0x000000002001142a        0x4 CMakeFiles/main.elf.dir/home/javier/gr-heep/sw/device/lib/runtime/syscalls.c.obj
                0x000000002001142a                _lseek
 .text._read    0x000000002001142e        0x4 CMakeFiles/main.elf.dir/home/javier/gr-heep/sw/device/lib/runtime/syscalls.c.obj
                0x000000002001142e                _read
 .text._write   0x0000000020011432       0x72 CMakeFiles/main.elf.dir/home/javier/gr-heep/sw/device/lib/runtime/syscalls.c.obj
                0x0000000020011432                _write
 .text._write_r
                0x00000000200114a4        0x8 CMakeFiles/main.elf.dir/home/javier/gr-heep/sw/device/lib/runtime/syscalls.c.obj
                0x00000000200114a4                _write_r
 .text._writestr
                0x00000000200114ac       0x1c CMakeFiles/main.elf.dir/home/javier/gr-heep/sw/device/lib/runtime/syscalls.c.obj
                0x00000000200114ac                _writestr
 .text._sbrk    0x00000000200114c8       0x2a CMakeFiles/main.elf.dir/home/javier/gr-heep/sw/device/lib/runtime/syscalls.c.obj
                0x00000000200114c8                _sbrk
 .text.spi_fill_tx
                0x00000000200114f2       0x46 CMakeFiles/main.elf.dir/home/javier/gr-heep/sw/device/lib/sdk/spi/spi_sdk.c.obj
                0x00000000200114f2                spi_fill_tx
 .text.spi_empty_rx
                0x0000000020011538       0x44 CMakeFiles/main.elf.dir/home/javier/gr-heep/sw/device/lib/sdk/spi/spi_sdk.c.obj
                0x0000000020011538                spi_empty_rx
 .text.spi_issue_next_seg
                0x000000002001157c       0x50 CMakeFiles/main.elf.dir/home/javier/gr-heep/sw/device/lib/sdk/spi/spi_sdk.c.obj
                0x000000002001157c                spi_issue_next_seg
 .text.spi_reset_peri
                0x00000000200115cc       0x7c CMakeFiles/main.elf.dir/home/javier/gr-heep/sw/device/lib/sdk/spi/spi_sdk.c.obj
                0x00000000200115cc                spi_reset_peri
 .text.spi_event_handler
                0x0000000020011648       0xce CMakeFiles/main.elf.dir/home/javier/gr-heep/sw/device/lib/sdk/spi/spi_sdk.c.obj
                0x0000000020011648                spi_event_handler
 .text.spi_error_handler
                0x0000000020011716       0x38 CMakeFiles/main.elf.dir/home/javier/gr-heep/sw/device/lib/sdk/spi/spi_sdk.c.obj
                0x0000000020011716                spi_error_handler
 .text.spi_intr_handler_event_flash
                0x000000002001174e       0x1a CMakeFiles/main.elf.dir/home/javier/gr-heep/sw/device/lib/sdk/spi/spi_sdk.c.obj
                0x000000002001174e                spi_intr_handler_event_flash
 .text.spi_intr_handler_error_flash
                0x0000000020011768       0x1a CMakeFiles/main.elf.dir/home/javier/gr-heep/sw/device/lib/sdk/spi/spi_sdk.c.obj
                0x0000000020011768                spi_intr_handler_error_flash
 .text.spi_intr_handler_event_host
                0x0000000020011782       0x1a CMakeFiles/main.elf.dir/home/javier/gr-heep/sw/device/lib/sdk/spi/spi_sdk.c.obj
                0x0000000020011782                spi_intr_handler_event_host
 .text.spi_intr_handler_error_host
                0x000000002001179c       0x1a CMakeFiles/main.elf.dir/home/javier/gr-heep/sw/device/lib/sdk/spi/spi_sdk.c.obj
                0x000000002001179c                spi_intr_handler_error_host
 .text.atexit   0x00000000200117b6        0xa /home/javier/tools/riscv/riscv32-unknown-elf/lib/libc_nano.a(lib_a-atexit.o)
                0x00000000200117b6                atexit
 .text.exit     0x00000000200117c0       0x28 /home/javier/tools/riscv/riscv32-unknown-elf/lib/libc_nano.a(lib_a-exit.o)
                0x00000000200117c0                exit
 .text.__libc_fini_array
                0x00000000200117e8       0x32 /home/javier/tools/riscv/riscv32-unknown-elf/lib/libc_nano.a(lib_a-fini.o)
                0x00000000200117e8                __libc_fini_array
 .text.__libc_init_array
                0x000000002001181a       0x56 /home/javier/tools/riscv/riscv32-unknown-elf/lib/libc_nano.a(lib_a-init.o)
                0x000000002001181a                __libc_init_array
 .text.memcmp   0x0000000020011870       0x26 /home/javier/tools/riscv/riscv32-unknown-elf/lib/libc_nano.a(lib_a-memcmp.o)
                0x0000000020011870                memcmp
 .text._free_r  0x0000000020011896       0xa2 /home/javier/tools/riscv/riscv32-unknown-elf/lib/libc_nano.a(lib_a-nano-freer.o)
                0x0000000020011896                _free_r
 .text._malloc_r
                0x0000000020011938       0xd6 /home/javier/tools/riscv/riscv32-unknown-elf/lib/libc_nano.a(lib_a-nano-mallocr.o)
                0x0000000020011938                _malloc_r
 .text.printf   0x0000000020011a0e       0x3a /home/javier/tools/riscv/riscv32-unknown-elf/lib/libc_nano.a(lib_a-printf.o)
                0x0000000020011a0e                printf
                0x0000000020011a0e                iprintf
 .text.putchar  0x0000000020011a48       0x28 /home/javier/tools/riscv/riscv32-unknown-elf/lib/libc_nano.a(lib_a-putchar.o)
                0x0000000020011a48                putchar
 .text._puts_r  0x0000000020011a70       0xe4 /home/javier/tools/riscv/riscv32-unknown-elf/lib/libc_nano.a(lib_a-puts.o)
                0x0000000020011a70                _puts_r
 .text.puts     0x0000000020011b54        0x8 /home/javier/tools/riscv/riscv32-unknown-elf/lib/libc_nano.a(lib_a-puts.o)
                0x0000000020011b54                puts
 .text._sbrk_r  0x0000000020011b5c       0x2c /home/javier/tools/riscv/riscv32-unknown-elf/lib/libc_nano.a(lib_a-sbrkr.o)
                0x0000000020011b5c                _sbrk_r
 .text.strlen   0x0000000020011b88       0x12 /home/javier/tools/riscv/riscv32-unknown-elf/lib/libc_nano.a(lib_a-strlen.o)
                0x0000000020011b88                strlen
 .text.__swbuf_r
                0x0000000020011b9a       0xc0 /home/javier/tools/riscv/riscv32-unknown-elf/lib/libc_nano.a(lib_a-wbuf.o)
                0x0000000020011b9a                __swbuf_r
 .text.__swsetup_r
                0x0000000020011c5a       0xfc /home/javier/tools/riscv/riscv32-unknown-elf/lib/libc_nano.a(lib_a-wsetup.o)
                0x0000000020011c5a                __swsetup_r
 .text.__register_exitproc
                0x0000000020011d56       0x76 /home/javier/tools/riscv/riscv32-unknown-elf/lib/libc_nano.a(lib_a-__atexit.o)
                0x0000000020011d56                __register_exitproc
 .text.__call_exitprocs
                0x0000000020011dcc       0xc0 /home/javier/tools/riscv/riscv32-unknown-elf/lib/libc_nano.a(lib_a-__call_atexit.o)
                0x0000000020011dcc                __call_exitprocs
 .text.__sflush_r
                0x0000000020011e8c      0x13a /home/javier/tools/riscv/riscv32-unknown-elf/lib/libc_nano.a(lib_a-fflush.o)
                0x0000000020011e8c                __sflush_r
 .text._fflush_r
                0x0000000020011fc6       0x64 /home/javier/tools/riscv/riscv32-unknown-elf/lib/libc_nano.a(lib_a-fflush.o)
                0x0000000020011fc6                _fflush_r
 .text.std      0x000000002001202a       0x6a /home/javier/tools/riscv/riscv32-unknown-elf/lib/libc_nano.a(lib_a-findfp.o)
 .text._cleanup_r
                0x0000000020012094        0xa /home/javier/tools/riscv/riscv32-unknown-elf/lib/libc_nano.a(lib_a-findfp.o)
                0x0000000020012094                _cleanup_r
 .text.__sfmoreglue
                0x000000002001209e       0x48 /home/javier/tools/riscv/riscv32-unknown-elf/lib/libc_nano.a(lib_a-findfp.o)
                0x000000002001209e                __sfmoreglue
 .text.__sinit  0x00000000200120e6       0x6a /home/javier/tools/riscv/riscv32-unknown-elf/lib/libc_nano.a(lib_a-findfp.o)
                0x00000000200120e6                __sinit
 .text.__sfp    0x0000000020012150       0x9e /home/javier/tools/riscv/riscv32-unknown-elf/lib/libc_nano.a(lib_a-findfp.o)
                0x0000000020012150                __sfp
 .text._fwalk_reent
                0x00000000200121ee       0x6a /home/javier/tools/riscv/riscv32-unknown-elf/lib/libc_nano.a(lib_a-fwalk.o)
                0x00000000200121ee                _fwalk_reent
 .text.__swhatbuf_r
                0x0000000020012258       0x5c /home/javier/tools/riscv/riscv32-unknown-elf/lib/libc_nano.a(lib_a-makebuf.o)
                0x0000000020012258                __swhatbuf_r
 .text.__smakebuf_r
                0x00000000200122b4       0xa6 /home/javier/tools/riscv/riscv32-unknown-elf/lib/libc_nano.a(lib_a-makebuf.o)
                0x00000000200122b4                __smakebuf_r
 .text.__malloc_lock
                0x000000002001235a        0x2 /home/javier/tools/riscv/riscv32-unknown-elf/lib/libc_nano.a(lib_a-mlock.o)
                0x000000002001235a                __malloc_lock
 .text.__malloc_unlock
                0x000000002001235c        0x2 /home/javier/tools/riscv/riscv32-unknown-elf/lib/libc_nano.a(lib_a-mlock.o)
                0x000000002001235c                __malloc_unlock
 .text.__sfputc_r
                0x000000002001235e       0x2a /home/javier/tools/riscv/riscv32-unknown-elf/lib/libc_nano.a(lib_a-nano-vfprintf.o)
 .text.__sfputs_r
                0x0000000020012388       0x42 /home/javier/tools/riscv/riscv32-unknown-elf/lib/libc_nano.a(lib_a-nano-vfprintf.o)
                0x0000000020012388                __sfputs_r
 .text._vfprintf_r
                0x00000000200123ca      0x29c /home/javier/tools/riscv/riscv32-unknown-elf/lib/libc_nano.a(lib_a-nano-vfprintf.o)
                0x00000000200123ca                _vfiprintf_r
                0x00000000200123ca                _vfprintf_r
 .text._printf_common
                0x0000000020012666      0x110 /home/javier/tools/riscv/riscv32-unknown-elf/lib/libc_nano.a(lib_a-nano-vfprintf_i.o)
                0x0000000020012666                _printf_common
 .text._printf_i
                0x0000000020012776      0x280 /home/javier/tools/riscv/riscv32-unknown-elf/lib/libc_nano.a(lib_a-nano-vfprintf_i.o)
                0x0000000020012776                _printf_i
 .text._putc_r  0x00000000200129f6       0x86 /home/javier/tools/riscv/riscv32-unknown-elf/lib/libc_nano.a(lib_a-putc.o)
                0x00000000200129f6                _putc_r
 .text.__sread  0x0000000020012a7c       0x30 /home/javier/tools/riscv/riscv32-unknown-elf/lib/libc_nano.a(lib_a-stdio.o)
                0x0000000020012a7c                __sread
 .text.__swrite
                0x0000000020012aac       0x50 /home/javier/tools/riscv/riscv32-unknown-elf/lib/libc_nano.a(lib_a-stdio.o)
                0x0000000020012aac                __swrite
 .text.__sseek  0x0000000020012afc       0x36 /home/javier/tools/riscv/riscv32-unknown-elf/lib/libc_nano.a(lib_a-stdio.o)
                0x0000000020012afc                __sseek
 .text.__sclose
                0x0000000020012b32        0x6 /home/javier/tools/riscv/riscv32-unknown-elf/lib/libc_nano.a(lib_a-stdio.o)
                0x0000000020012b32                __sclose
 .text._close_r
                0x0000000020012b38       0x2c /home/javier/tools/riscv/riscv32-unknown-elf/lib/libc_nano.a(lib_a-closer.o)
                0x0000000020012b38                _close_r
 .text._fstat_r
                0x0000000020012b64       0x2e /home/javier/tools/riscv/riscv32-unknown-elf/lib/libc_nano.a(lib_a-fstatr.o)
                0x0000000020012b64                _fstat_r
 .text._isatty_r
                0x0000000020012b92       0x2c /home/javier/tools/riscv/riscv32-unknown-elf/lib/libc_nano.a(lib_a-isattyr.o)
                0x0000000020012b92                _isatty_r
 .text._lseek_r
                0x0000000020012bbe       0x30 /home/javier/tools/riscv/riscv32-unknown-elf/lib/libc_nano.a(lib_a-lseekr.o)
                0x0000000020012bbe                _lseek_r
 .text.memchr   0x0000000020012bee       0x1a /home/javier/tools/riscv/riscv32-unknown-elf/lib/libc_nano.a(lib_a-memchr.o)
                0x0000000020012bee                memchr
 .text._read_r  0x0000000020012c08       0x30 /home/javier/tools/riscv/riscv32-unknown-elf/lib/libc_nano.a(lib_a-readr.o)
                0x0000000020012c08                _read_r
 *(.rodata)
 *fill*         0x0000000020012c38        0x0 
 .rodata        0x0000000020012c38       0x20 CMakeFiles/main.elf.dir/home/javier/gr-heep/sw/applications/zsbl/main.c.obj
 *(.rodata*)
 .rodata.str1.4
                0x0000000020012c58      0x661 CMakeFiles/main.elf.dir/home/javier/gr-heep/sw/applications/zsbl/main.c.obj
                                        0x665 (size before relaxing)
 *fill*         0x00000000200132b9        0x3 
 .rodata.str1.4
                0x00000000200132bc      0x162 CMakeFiles/main.elf.dir/home/javier/gr-heep/sw/device/lib/runtime/handler.c.obj
 *fill*         0x000000002001341e        0x2 
 .rodata.__sf_fake_stderr
                0x0000000020013420       0x20 /home/javier/tools/riscv/riscv32-unknown-elf/lib/libc_nano.a(lib_a-findfp.o)
                0x0000000020013420                __sf_fake_stderr
 .rodata.__sf_fake_stdout
                0x0000000020013440       0x20 /home/javier/tools/riscv/riscv32-unknown-elf/lib/libc_nano.a(lib_a-findfp.o)
                0x0000000020013440                __sf_fake_stdout
 .rodata.__sf_fake_stdin
                0x0000000020013460       0x20 /home/javier/tools/riscv/riscv32-unknown-elf/lib/libc_nano.a(lib_a-findfp.o)
                0x0000000020013460                __sf_fake_stdin
 .rodata._vfprintf_r.str1.4
                0x0000000020013480       0x13 /home/javier/tools/riscv/riscv32-unknown-elf/lib/libc_nano.a(lib_a-nano-vfprintf.o)
 *fill*         0x0000000020013493        0x1 
 .rodata._printf_i.str1.4
                0x0000000020013494       0x25 /home/javier/tools/riscv/riscv32-unknown-elf/lib/libc_nano.a(lib_a-nano-vfprintf_i.o)
 *fill*         0x00000000200134b9        0x3 
 .rodata._printf_i
                0x00000000200134bc       0x58 /home/javier/tools/riscv/riscv32-unknown-elf/lib/libc_nano.a(lib_a-nano-vfprintf_i.o)
 *(.srodata)
 *(.srodata*)
 .srodata._global_impure_ptr
                0x0000000020013514        0x4 /home/javier/tools/riscv/riscv32-unknown-elf/lib/libc_nano.a(lib_a-impure.o)
                0x0000000020013514                _global_impure_ptr
                0x0000000020013518                . = ALIGN (0x4)
                0x0000000020013518                _etext = .

.rela.dyn       0x0000000020013518        0x0
 .rela.text.start
                0x0000000020013518        0x0 CMakeFiles/main.elf.dir/home/javier/gr-heep/sw/applications/zsbl/main.c.obj
 .rela.vectors  0x0000000020013518        0x0 CMakeFiles/main.elf.dir/home/javier/gr-heep/sw/applications/zsbl/main.c.obj
 .rela.text._sbrk
                0x0000000020013518        0x0 CMakeFiles/main.elf.dir/home/javier/gr-heep/sw/applications/zsbl/main.c.obj
 .rela.sdata    0x0000000020013518        0x0 CMakeFiles/main.elf.dir/home/javier/gr-heep/sw/applications/zsbl/main.c.obj
 .rela.text.__libc_fini_array
                0x0000000020013518        0x0 CMakeFiles/main.elf.dir/home/javier/gr-heep/sw/applications/zsbl/main.c.obj
 .rela.text.__libc_init_array
                0x0000000020013518        0x0 CMakeFiles/main.elf.dir/home/javier/gr-heep/sw/applications/zsbl/main.c.obj
 .rela.text.__register_exitproc
                0x0000000020013518        0x0 CMakeFiles/main.elf.dir/home/javier/gr-heep/sw/applications/zsbl/main.c.obj
 .rela.text._vfprintf_r
                0x0000000020013518        0x0 CMakeFiles/main.elf.dir/home/javier/gr-heep/sw/applications/zsbl/main.c.obj

.data           0x0000000000020000      0x140 load address 0x0000000020013518
                0x0000000000020000                . = ALIGN (0x4)
                0x0000000020013518                _sidata = LOADADDR (.data)
                0x0000000000020000                _sdata = .
                0x0000000000020000                _ram_start = .
                0x0000000000020000                __data_start__ = .
                0x0000000000020000                __DATA_BEGIN__ = .
 *(.data)
 .data          0x0000000000020000       0xd8 CMakeFiles/main.elf.dir/home/javier/gr-heep/sw/device/lib/sdk/spi/spi_sdk.c.obj
 *(.data*)
 .data.impure_data
                0x00000000000200d8       0x60 /home/javier/tools/riscv/riscv32-unknown-elf/lib/libc_nano.a(lib_a-impure.o)
                0x0000000000020138                __SDATA_BEGIN__ = .
 *(.sdata)
 .sdata         0x0000000000020138        0x4 CMakeFiles/main.elf.dir/home/javier/gr-heep/sw/device/lib/runtime/syscalls.c.obj
 *(.sdata*)
 .sdata._impure_ptr
                0x000000000002013c        0x4 /home/javier/tools/riscv/riscv32-unknown-elf/lib/libc_nano.a(lib_a-impure.o)
                0x000000000002013c                _impure_ptr
                0x0000000000020140                . = ALIGN (0x4)
                0x0000000000020140                _edata = .
                0x0000000000020140                __data_end__ = .
                0x0000000000000000                _lma_vma_data_offset = 0x0

.xheep_init_data_crt0
                0x0000000000020140        0x4 load address 0x0000000020013658
 .xheep_init_data_crt0
                0x0000000000020140        0x4 CMakeFiles/main.elf.dir/home/javier/gr-heep/sw/device/bsp/w25q/w25q.c.obj
                0x0000000000020140                spi

.power_manager  0x0000000000020144      0x100 load address 0x000000002001365c
                0x0000000000020144                PROVIDE (__power_manager_start = .)
                0x0000000000020244                . = (. + 0x100)
 *fill*         0x0000000000020144      0x100 

.bss            0x0000000000020244      0x1d0 load address 0x000000002001365c
                0x0000000000020244                . = ALIGN (0x4)
                0x0000000000020244                __bss_start = .
 *(.bss)
 .bss           0x0000000000020244       0x30 CMakeFiles/main.elf.dir/home/javier/gr-heep/sw/device/lib/drivers/dma/dma.c.obj
 .bss           0x0000000000020274      0x100 CMakeFiles/main.elf.dir/home/javier/gr-heep/sw/device/lib/drivers/rv_plic/rv_plic.c.obj
                0x0000000000020274                handlers
 *(.bss*)
 .bss._global_atexit0
                0x0000000000020374       0x8c /home/javier/tools/riscv/riscv32-unknown-elf/lib/libc_nano.a(lib_a-__atexit.o)
 *(.sbss)
 .sbss          0x0000000000020400        0x1 CMakeFiles/main.elf.dir/home/javier/gr-heep/sw/applications/zsbl/main.c.obj
                0x0000000000020400                xmss_finished
 *(.sbss*)
 *fill*         0x0000000000020401        0x3 
 .sbss.__malloc_sbrk_start
                0x0000000000020404        0x4 /home/javier/tools/riscv/riscv32-unknown-elf/lib/libc_nano.a(lib_a-nano-mallocr.o)
                0x0000000000020404                __malloc_sbrk_start
 .sbss.__malloc_free_list
                0x0000000000020408        0x4 /home/javier/tools/riscv/riscv32-unknown-elf/lib/libc_nano.a(lib_a-nano-mallocr.o)
                0x0000000000020408                __malloc_free_list
 .sbss.errno    0x000000000002040c        0x4 /home/javier/tools/riscv/riscv32-unknown-elf/lib/libc_nano.a(lib_a-reent.o)
                0x000000000002040c                errno
 .sbss._global_atexit
                0x0000000000020410        0x4 /home/javier/tools/riscv/riscv32-unknown-elf/lib/libc_nano.a(lib_a-__call_atexit.o)
                0x0000000000020410                _global_atexit
 *(COMMON)
                0x0000000000020414                . = ALIGN (0x4)
                0x0000000000020414                __bss_end = .
                0x0000000000020414                __BSS_END__ = .
                0x0000000000020800                __global_pointer$ = MIN ((__SDATA_BEGIN__ + 0x800), MAX ((__DATA_BEGIN__ + 0x800), (__BSS_END__ - 0x800)))

.heap           0x0000000000020414      0x800 load address 0x000000002001365c
                0x0000000000020414                PROVIDE (__heap_start = .)
                0x0000000000000800                . = __heap_size
 *fill*         0x0000000000020414      0x800 
                0x0000000000020c14                PROVIDE (__heap_end = .)

.stack          0x0000000000020c20      0x800 load address 0x0000000020013660
                [!provide]                        PROVIDE (__stack_start = .)
                0x0000000000000800                . = __stack_size
 *fill*         0x0000000000020c20      0x800 
                0x0000000000021420                PROVIDE (_sp = .)
OUTPUT(main.elf elf32-littleriscv)

.debug_info     0x0000000000000000     0xf95c
 .debug_info    0x0000000000000000      0xb67 CMakeFiles/main.elf.dir/home/javier/gr-heep/sw/applications/zsbl/main.c.obj
 .debug_info    0x0000000000000b67       0x45 CMakeFiles/main.elf.dir/device/lib/crt/crt0.S.obj
 .debug_info    0x0000000000000bac       0x23 CMakeFiles/main.elf.dir/device/lib/crt/vectors.S.obj
 .debug_info    0x0000000000000bcf     0x5a42 CMakeFiles/main.elf.dir/home/javier/gr-heep/sw/device/bsp/w25q/w25q.c.obj
 .debug_info    0x0000000000006611     0x1752 CMakeFiles/main.elf.dir/home/javier/gr-heep/sw/device/lib/drivers/dma/dma.c.obj
 .debug_info    0x0000000000007d63      0x88b CMakeFiles/main.elf.dir/home/javier/gr-heep/sw/device/lib/drivers/fast_intr_ctrl/fast_intr_ctrl.c.obj
 .debug_info    0x00000000000085ee      0xc03 CMakeFiles/main.elf.dir/home/javier/gr-heep/sw/device/lib/drivers/rv_plic/rv_plic.c.obj
 .debug_info    0x00000000000091f1      0x5f2 CMakeFiles/main.elf.dir/home/javier/gr-heep/sw/device/lib/drivers/soc_ctrl/soc_ctrl.c.obj
 .debug_info    0x00000000000097e3     0x157a CMakeFiles/main.elf.dir/home/javier/gr-heep/sw/device/lib/drivers/spi_host/spi_host.c.obj
 .debug_info    0x000000000000ad5d      0xd62 CMakeFiles/main.elf.dir/home/javier/gr-heep/sw/device/lib/drivers/uart/uart.c.obj
 .debug_info    0x000000000000babf      0x319 CMakeFiles/main.elf.dir/home/javier/gr-heep/sw/device/lib/runtime/handler.c.obj
 .debug_info    0x000000000000bdd8       0x44 CMakeFiles/main.elf.dir/home/javier/gr-heep/sw/device/lib/runtime/init.c.obj
 .debug_info    0x000000000000be1c     0x179e CMakeFiles/main.elf.dir/home/javier/gr-heep/sw/device/lib/runtime/syscalls.c.obj
 .debug_info    0x000000000000d5ba     0x22d1 CMakeFiles/main.elf.dir/home/javier/gr-heep/sw/device/lib/sdk/spi/spi_sdk.c.obj
 .debug_info    0x000000000000f88b       0xd1 /home/javier/tools/riscv/lib/gcc/riscv32-unknown-elf/12.2.0/libgcc.a(_bswapsi2.o)

.debug_abbrev   0x0000000000000000     0x246f
 .debug_abbrev  0x0000000000000000      0x2e5 CMakeFiles/main.elf.dir/home/javier/gr-heep/sw/applications/zsbl/main.c.obj
 .debug_abbrev  0x00000000000002e5       0x21 CMakeFiles/main.elf.dir/device/lib/crt/crt0.S.obj
 .debug_abbrev  0x0000000000000306       0x12 CMakeFiles/main.elf.dir/device/lib/crt/vectors.S.obj
 .debug_abbrev  0x0000000000000318      0x535 CMakeFiles/main.elf.dir/home/javier/gr-heep/sw/device/bsp/w25q/w25q.c.obj
 .debug_abbrev  0x000000000000084d      0x375 CMakeFiles/main.elf.dir/home/javier/gr-heep/sw/device/lib/drivers/dma/dma.c.obj
 .debug_abbrev  0x0000000000000bc2      0x1e9 CMakeFiles/main.elf.dir/home/javier/gr-heep/sw/device/lib/drivers/fast_intr_ctrl/fast_intr_ctrl.c.obj
 .debug_abbrev  0x0000000000000dab      0x439 CMakeFiles/main.elf.dir/home/javier/gr-heep/sw/device/lib/drivers/rv_plic/rv_plic.c.obj
 .debug_abbrev  0x00000000000011e4      0x17c CMakeFiles/main.elf.dir/home/javier/gr-heep/sw/device/lib/drivers/soc_ctrl/soc_ctrl.c.obj
 .debug_abbrev  0x0000000000001360      0x3dd CMakeFiles/main.elf.dir/home/javier/gr-heep/sw/device/lib/drivers/spi_host/spi_host.c.obj
 .debug_abbrev  0x000000000000173d      0x27b CMakeFiles/main.elf.dir/home/javier/gr-heep/sw/device/lib/drivers/uart/uart.c.obj
 .debug_abbrev  0x00000000000019b8      0x14b CMakeFiles/main.elf.dir/home/javier/gr-heep/sw/device/lib/runtime/handler.c.obj
 .debug_abbrev  0x0000000000001b03       0x38 CMakeFiles/main.elf.dir/home/javier/gr-heep/sw/device/lib/runtime/init.c.obj
 .debug_abbrev  0x0000000000001b3b      0x4cd CMakeFiles/main.elf.dir/home/javier/gr-heep/sw/device/lib/runtime/syscalls.c.obj
 .debug_abbrev  0x0000000000002008      0x402 CMakeFiles/main.elf.dir/home/javier/gr-heep/sw/device/lib/sdk/spi/spi_sdk.c.obj
 .debug_abbrev  0x000000000000240a       0x65 /home/javier/tools/riscv/lib/gcc/riscv32-unknown-elf/12.2.0/libgcc.a(_bswapsi2.o)

.debug_loclists
                0x0000000000000000     0x826c
 .debug_loclists
                0x0000000000000000      0x2a2 CMakeFiles/main.elf.dir/home/javier/gr-heep/sw/applications/zsbl/main.c.obj
 .debug_loclists
                0x00000000000002a2     0x30a3 CMakeFiles/main.elf.dir/home/javier/gr-heep/sw/device/bsp/w25q/w25q.c.obj
 .debug_loclists
                0x0000000000003345     0x15a3 CMakeFiles/main.elf.dir/home/javier/gr-heep/sw/device/lib/drivers/dma/dma.c.obj
 .debug_loclists
                0x00000000000048e8      0x20c CMakeFiles/main.elf.dir/home/javier/gr-heep/sw/device/lib/drivers/fast_intr_ctrl/fast_intr_ctrl.c.obj
 .debug_loclists
                0x0000000000004af4      0x5c7 CMakeFiles/main.elf.dir/home/javier/gr-heep/sw/device/lib/drivers/rv_plic/rv_plic.c.obj
 .debug_loclists
                0x00000000000050bb      0x2a0 CMakeFiles/main.elf.dir/home/javier/gr-heep/sw/device/lib/drivers/soc_ctrl/soc_ctrl.c.obj
 .debug_loclists
                0x000000000000535b      0xed1 CMakeFiles/main.elf.dir/home/javier/gr-heep/sw/device/lib/drivers/spi_host/spi_host.c.obj
 .debug_loclists
                0x000000000000622c      0x561 CMakeFiles/main.elf.dir/home/javier/gr-heep/sw/device/lib/drivers/uart/uart.c.obj
 .debug_loclists
                0x000000000000678d       0x59 CMakeFiles/main.elf.dir/home/javier/gr-heep/sw/device/lib/runtime/handler.c.obj
 .debug_loclists
                0x00000000000067e6      0x4b7 CMakeFiles/main.elf.dir/home/javier/gr-heep/sw/device/lib/runtime/syscalls.c.obj
 .debug_loclists
                0x0000000000006c9d     0x15a9 CMakeFiles/main.elf.dir/home/javier/gr-heep/sw/device/lib/sdk/spi/spi_sdk.c.obj
 .debug_loclists
                0x0000000000008246       0x26 /home/javier/tools/riscv/lib/gcc/riscv32-unknown-elf/12.2.0/libgcc.a(_bswapsi2.o)

.debug_aranges  0x0000000000000000      0x968
 .debug_aranges
                0x0000000000000000       0x40 CMakeFiles/main.elf.dir/home/javier/gr-heep/sw/applications/zsbl/main.c.obj
 .debug_aranges
                0x0000000000000040       0x20 CMakeFiles/main.elf.dir/device/lib/crt/crt0.S.obj
 .debug_aranges
                0x0000000000000060       0x28 CMakeFiles/main.elf.dir/device/lib/crt/vectors.S.obj
 .debug_aranges
                0x0000000000000088      0x140 CMakeFiles/main.elf.dir/home/javier/gr-heep/sw/device/bsp/w25q/w25q.c.obj
 .debug_aranges
                0x00000000000001c8       0x98 CMakeFiles/main.elf.dir/home/javier/gr-heep/sw/device/lib/drivers/dma/dma.c.obj
 .debug_aranges
                0x0000000000000260      0x130 CMakeFiles/main.elf.dir/home/javier/gr-heep/sw/device/lib/drivers/fast_intr_ctrl/fast_intr_ctrl.c.obj
 .debug_aranges
                0x0000000000000390       0x98 CMakeFiles/main.elf.dir/home/javier/gr-heep/sw/device/lib/drivers/rv_plic/rv_plic.c.obj
 .debug_aranges
                0x0000000000000428       0x68 CMakeFiles/main.elf.dir/home/javier/gr-heep/sw/device/lib/drivers/soc_ctrl/soc_ctrl.c.obj
 .debug_aranges
                0x0000000000000490      0x140 CMakeFiles/main.elf.dir/home/javier/gr-heep/sw/device/lib/drivers/spi_host/spi_host.c.obj
 .debug_aranges
                0x00000000000005d0       0x50 CMakeFiles/main.elf.dir/home/javier/gr-heep/sw/device/lib/drivers/uart/uart.c.obj
 .debug_aranges
                0x0000000000000620       0x68 CMakeFiles/main.elf.dir/home/javier/gr-heep/sw/device/lib/runtime/handler.c.obj
 .debug_aranges
                0x0000000000000688       0x20 CMakeFiles/main.elf.dir/home/javier/gr-heep/sw/device/lib/runtime/init.c.obj
 .debug_aranges
                0x00000000000006a8      0x148 CMakeFiles/main.elf.dir/home/javier/gr-heep/sw/device/lib/runtime/syscalls.c.obj
 .debug_aranges
                0x00000000000007f0      0x158 CMakeFiles/main.elf.dir/home/javier/gr-heep/sw/device/lib/sdk/spi/spi_sdk.c.obj
 .debug_aranges
                0x0000000000000948       0x20 /home/javier/tools/riscv/lib/gcc/riscv32-unknown-elf/12.2.0/libgcc.a(_bswapsi2.o)

.debug_rnglists
                0x0000000000000000     0x1f00
 .debug_rnglists
                0x0000000000000000       0xec CMakeFiles/main.elf.dir/home/javier/gr-heep/sw/applications/zsbl/main.c.obj
 .debug_rnglists
                0x00000000000000ec       0x1a CMakeFiles/main.elf.dir/device/lib/crt/vectors.S.obj
 .debug_rnglists
                0x0000000000000106      0x813 CMakeFiles/main.elf.dir/home/javier/gr-heep/sw/device/bsp/w25q/w25q.c.obj
 .debug_rnglists
                0x0000000000000919      0x5ec CMakeFiles/main.elf.dir/home/javier/gr-heep/sw/device/lib/drivers/dma/dma.c.obj
 .debug_rnglists
                0x0000000000000f05      0x294 CMakeFiles/main.elf.dir/home/javier/gr-heep/sw/device/lib/drivers/fast_intr_ctrl/fast_intr_ctrl.c.obj
 .debug_rnglists
                0x0000000000001199      0x188 CMakeFiles/main.elf.dir/home/javier/gr-heep/sw/device/lib/drivers/rv_plic/rv_plic.c.obj
 .debug_rnglists
                0x0000000000001321       0x7a CMakeFiles/main.elf.dir/home/javier/gr-heep/sw/device/lib/drivers/soc_ctrl/soc_ctrl.c.obj
 .debug_rnglists
                0x000000000000139b      0x42e CMakeFiles/main.elf.dir/home/javier/gr-heep/sw/device/lib/drivers/spi_host/spi_host.c.obj
 .debug_rnglists
                0x00000000000017c9       0xd1 CMakeFiles/main.elf.dir/home/javier/gr-heep/sw/device/lib/drivers/uart/uart.c.obj
 .debug_rnglists
                0x000000000000189a       0x67 CMakeFiles/main.elf.dir/home/javier/gr-heep/sw/device/lib/runtime/handler.c.obj
 .debug_rnglists
                0x0000000000001901       0x16 CMakeFiles/main.elf.dir/home/javier/gr-heep/sw/device/lib/runtime/init.c.obj
 .debug_rnglists
                0x0000000000001917      0x163 CMakeFiles/main.elf.dir/home/javier/gr-heep/sw/device/lib/runtime/syscalls.c.obj
 .debug_rnglists
                0x0000000000001a7a      0x486 CMakeFiles/main.elf.dir/home/javier/gr-heep/sw/device/lib/sdk/spi/spi_sdk.c.obj

.debug_line     0x0000000000000000     0xdd08
 .debug_line    0x0000000000000000      0x96e CMakeFiles/main.elf.dir/home/javier/gr-heep/sw/applications/zsbl/main.c.obj
 .debug_line    0x000000000000096e      0x10a CMakeFiles/main.elf.dir/device/lib/crt/crt0.S.obj
 .debug_line    0x0000000000000a78      0x115 CMakeFiles/main.elf.dir/device/lib/crt/vectors.S.obj
 .debug_line    0x0000000000000b8d     0x40cd CMakeFiles/main.elf.dir/home/javier/gr-heep/sw/device/bsp/w25q/w25q.c.obj
 .debug_line    0x0000000000004c5a     0x21fa CMakeFiles/main.elf.dir/home/javier/gr-heep/sw/device/lib/drivers/dma/dma.c.obj
 .debug_line    0x0000000000006e54      0x8a0 CMakeFiles/main.elf.dir/home/javier/gr-heep/sw/device/lib/drivers/fast_intr_ctrl/fast_intr_ctrl.c.obj
 .debug_line    0x00000000000076f4      0xc22 CMakeFiles/main.elf.dir/home/javier/gr-heep/sw/device/lib/drivers/rv_plic/rv_plic.c.obj
 .debug_line    0x0000000000008316      0x3fe CMakeFiles/main.elf.dir/home/javier/gr-heep/sw/device/lib/drivers/soc_ctrl/soc_ctrl.c.obj
 .debug_line    0x0000000000008714     0x17a7 CMakeFiles/main.elf.dir/home/javier/gr-heep/sw/device/lib/drivers/spi_host/spi_host.c.obj
 .debug_line    0x0000000000009ebb      0x7dd CMakeFiles/main.elf.dir/home/javier/gr-heep/sw/device/lib/drivers/uart/uart.c.obj
 .debug_line    0x000000000000a698      0x501 CMakeFiles/main.elf.dir/home/javier/gr-heep/sw/device/lib/runtime/handler.c.obj
 .debug_line    0x000000000000ab99       0x5d CMakeFiles/main.elf.dir/home/javier/gr-heep/sw/device/lib/runtime/init.c.obj
 .debug_line    0x000000000000abf6      0x9c0 CMakeFiles/main.elf.dir/home/javier/gr-heep/sw/device/lib/runtime/syscalls.c.obj
 .debug_line    0x000000000000b5b6     0x26b7 CMakeFiles/main.elf.dir/home/javier/gr-heep/sw/device/lib/sdk/spi/spi_sdk.c.obj
 .debug_line    0x000000000000dc6d       0x9b /home/javier/tools/riscv/lib/gcc/riscv32-unknown-elf/12.2.0/libgcc.a(_bswapsi2.o)

.debug_str      0x0000000000000000     0x39b8
 .debug_str     0x0000000000000000      0x495 CMakeFiles/main.elf.dir/home/javier/gr-heep/sw/applications/zsbl/main.c.obj
                                        0x542 (size before relaxing)
 .debug_str     0x0000000000000495       0x80 CMakeFiles/main.elf.dir/device/lib/crt/crt0.S.obj
                                         0x8d (size before relaxing)
 .debug_str     0x0000000000000515       0x42 CMakeFiles/main.elf.dir/device/lib/crt/vectors.S.obj
                                         0x7d (size before relaxing)
 .debug_str     0x0000000000000557     0x1186 CMakeFiles/main.elf.dir/home/javier/gr-heep/sw/device/bsp/w25q/w25q.c.obj
                                       0x1455 (size before relaxing)
 .debug_str     0x00000000000016dd      0x35d CMakeFiles/main.elf.dir/home/javier/gr-heep/sw/device/lib/drivers/dma/dma.c.obj
                                        0xb7c (size before relaxing)
 .debug_str     0x0000000000001a3a      0x34f CMakeFiles/main.elf.dir/home/javier/gr-heep/sw/device/lib/drivers/fast_intr_ctrl/fast_intr_ctrl.c.obj
                                        0x65d (size before relaxing)
 .debug_str     0x0000000000001d89      0x689 CMakeFiles/main.elf.dir/home/javier/gr-heep/sw/device/lib/drivers/rv_plic/rv_plic.c.obj
                                        0x80e (size before relaxing)
 .debug_str     0x0000000000002412      0x1e9 CMakeFiles/main.elf.dir/home/javier/gr-heep/sw/device/lib/drivers/soc_ctrl/soc_ctrl.c.obj
                                        0x38d (size before relaxing)
 .debug_str     0x00000000000025fb      0x3a9 CMakeFiles/main.elf.dir/home/javier/gr-heep/sw/device/lib/drivers/spi_host/spi_host.c.obj
                                        0x901 (size before relaxing)
 .debug_str     0x00000000000029a4      0x17b CMakeFiles/main.elf.dir/home/javier/gr-heep/sw/device/lib/drivers/uart/uart.c.obj
                                        0x3bf (size before relaxing)
 .debug_str     0x0000000000002b1f      0x102 CMakeFiles/main.elf.dir/home/javier/gr-heep/sw/device/lib/runtime/handler.c.obj
                                        0x237 (size before relaxing)
 .debug_str     0x0000000000002c21      0x102 CMakeFiles/main.elf.dir/home/javier/gr-heep/sw/device/lib/runtime/init.c.obj
                                         0x67 (size before relaxing)
 .debug_str     0x0000000000002c21      0x667 CMakeFiles/main.elf.dir/home/javier/gr-heep/sw/device/lib/runtime/syscalls.c.obj
                                        0xb3e (size before relaxing)
 .debug_str     0x0000000000003288      0x647 CMakeFiles/main.elf.dir/home/javier/gr-heep/sw/device/lib/sdk/spi/spi_sdk.c.obj
                                        0xfaa (size before relaxing)
 .debug_str     0x00000000000038cf       0xe9 /home/javier/tools/riscv/lib/gcc/riscv32-unknown-elf/12.2.0/libgcc.a(_bswapsi2.o)
                                        0x196 (size before relaxing)

.debug_line_str
                0x0000000000000000      0x969
 .debug_line_str
                0x0000000000000000      0x260 CMakeFiles/main.elf.dir/home/javier/gr-heep/sw/applications/zsbl/main.c.obj
                                        0x2a6 (size before relaxing)
 .debug_line_str
                0x0000000000000260       0x3f CMakeFiles/main.elf.dir/device/lib/crt/crt0.S.obj
                                         0x6e (size before relaxing)
 .debug_line_str
                0x000000000000029f        0xa CMakeFiles/main.elf.dir/device/lib/crt/vectors.S.obj
                                         0x71 (size before relaxing)
 .debug_line_str
                0x00000000000002a9       0xfe CMakeFiles/main.elf.dir/home/javier/gr-heep/sw/device/bsp/w25q/w25q.c.obj
                                        0x2c4 (size before relaxing)
 .debug_line_str
                0x00000000000003a7       0x35 CMakeFiles/main.elf.dir/home/javier/gr-heep/sw/device/lib/drivers/dma/dma.c.obj
                                        0x152 (size before relaxing)
 .debug_line_str
                0x00000000000003dc       0x64 CMakeFiles/main.elf.dir/home/javier/gr-heep/sw/device/lib/drivers/fast_intr_ctrl/fast_intr_ctrl.c.obj
                                        0x1a0 (size before relaxing)
 .debug_line_str
                0x0000000000000440      0x1d1 CMakeFiles/main.elf.dir/home/javier/gr-heep/sw/device/lib/drivers/rv_plic/rv_plic.c.obj
                                        0x36b (size before relaxing)
 .debug_line_str
                0x0000000000000611       0x3f CMakeFiles/main.elf.dir/home/javier/gr-heep/sw/device/lib/drivers/soc_ctrl/soc_ctrl.c.obj
                                        0x1ac (size before relaxing)
 .debug_line_str
                0x0000000000000650       0x3f CMakeFiles/main.elf.dir/home/javier/gr-heep/sw/device/lib/drivers/spi_host/spi_host.c.obj
                                        0x176 (size before relaxing)
 .debug_line_str
                0x000000000000068f       0x37 CMakeFiles/main.elf.dir/home/javier/gr-heep/sw/device/lib/drivers/uart/uart.c.obj
                                        0x1d2 (size before relaxing)
 .debug_line_str
                0x00000000000006c6       0x4a CMakeFiles/main.elf.dir/home/javier/gr-heep/sw/device/lib/runtime/handler.c.obj
                                        0x125 (size before relaxing)
 .debug_line_str
                0x0000000000000710       0x32 CMakeFiles/main.elf.dir/home/javier/gr-heep/sw/device/lib/runtime/init.c.obj
                                         0xc9 (size before relaxing)
 .debug_line_str
                0x0000000000000742       0xfd CMakeFiles/main.elf.dir/home/javier/gr-heep/sw/device/lib/runtime/syscalls.c.obj
                                        0x2fb (size before relaxing)
 .debug_line_str
                0x000000000000083f       0x6a CMakeFiles/main.elf.dir/home/javier/gr-heep/sw/device/lib/sdk/spi/spi_sdk.c.obj
                                        0x1e6 (size before relaxing)
 .debug_line_str
                0x00000000000008a9       0xc0 /home/javier/tools/riscv/lib/gcc/riscv32-unknown-elf/12.2.0/libgcc.a(_bswapsi2.o)
                                        0x128 (size before relaxing)

.comment        0x0000000000000000       0x21
 .comment       0x0000000000000000        0xf CMakeFiles/main.elf.dir/home/javier/gr-heep/sw/applications/zsbl/main.c.obj
                                         0x10 (size before relaxing)
 .comment       0x000000000000000f       0x10 CMakeFiles/main.elf.dir/home/javier/gr-heep/sw/device/bsp/w25q/w25q.c.obj
 .comment       0x000000000000000f       0x10 CMakeFiles/main.elf.dir/home/javier/gr-heep/sw/device/lib/drivers/dma/dma.c.obj
 .comment       0x000000000000000f       0x10 CMakeFiles/main.elf.dir/home/javier/gr-heep/sw/device/lib/drivers/fast_intr_ctrl/fast_intr_ctrl.c.obj
 .comment       0x000000000000000f       0x10 CMakeFiles/main.elf.dir/home/javier/gr-heep/sw/device/lib/drivers/rv_plic/rv_plic.c.obj
 .comment       0x000000000000000f       0x10 CMakeFiles/main.elf.dir/home/javier/gr-heep/sw/device/lib/drivers/soc_ctrl/soc_ctrl.c.obj
 .comment       0x000000000000000f       0x10 CMakeFiles/main.elf.dir/home/javier/gr-heep/sw/device/lib/drivers/spi_host/spi_host.c.obj
 .comment       0x000000000000000f       0x10 CMakeFiles/main.elf.dir/home/javier/gr-heep/sw/device/lib/drivers/uart/uart.c.obj
 .comment       0x000000000000000f       0x10 CMakeFiles/main.elf.dir/home/javier/gr-heep/sw/device/lib/runtime/handler.c.obj
 .comment       0x000000000000000f       0x10 CMakeFiles/main.elf.dir/home/javier/gr-heep/sw/device/lib/runtime/init.c.obj
 .comment       0x000000000000000f       0x10 CMakeFiles/main.elf.dir/home/javier/gr-heep/sw/device/lib/runtime/syscalls.c.obj
 .comment       0x000000000000000f       0x10 CMakeFiles/main.elf.dir/home/javier/gr-heep/sw/device/lib/sdk/spi/spi_sdk.c.obj
 .comment       0x000000000000000f       0x12 /home/javier/tools/riscv/riscv32-unknown-elf/lib/libc_nano.a(lib_a-atexit.o)
                                         0x13 (size before relaxing)
 .comment       0x0000000000000021       0x13 /home/javier/tools/riscv/riscv32-unknown-elf/lib/libc_nano.a(lib_a-exit.o)
 .comment       0x0000000000000021       0x13 /home/javier/tools/riscv/riscv32-unknown-elf/lib/libc_nano.a(lib_a-fini.o)
 .comment       0x0000000000000021       0x13 /home/javier/tools/riscv/riscv32-unknown-elf/lib/libc_nano.a(lib_a-impure.o)
 .comment       0x0000000000000021       0x13 /home/javier/tools/riscv/riscv32-unknown-elf/lib/libc_nano.a(lib_a-init.o)
 .comment       0x0000000000000021       0x13 /home/javier/tools/riscv/riscv32-unknown-elf/lib/libc_nano.a(lib_a-memcmp.o)
 .comment       0x0000000000000021       0x13 /home/javier/tools/riscv/riscv32-unknown-elf/lib/libc_nano.a(lib_a-nano-freer.o)
 .comment       0x0000000000000021       0x13 /home/javier/tools/riscv/riscv32-unknown-elf/lib/libc_nano.a(lib_a-nano-mallocr.o)
 .comment       0x0000000000000021       0x13 /home/javier/tools/riscv/riscv32-unknown-elf/lib/libc_nano.a(lib_a-printf.o)
 .comment       0x0000000000000021       0x13 /home/javier/tools/riscv/riscv32-unknown-elf/lib/libc_nano.a(lib_a-putchar.o)
 .comment       0x0000000000000021       0x13 /home/javier/tools/riscv/riscv32-unknown-elf/lib/libc_nano.a(lib_a-puts.o)
 .comment       0x0000000000000021       0x13 /home/javier/tools/riscv/riscv32-unknown-elf/lib/libc_nano.a(lib_a-reent.o)
 .comment       0x0000000000000021       0x13 /home/javier/tools/riscv/riscv32-unknown-elf/lib/libc_nano.a(lib_a-sbrkr.o)
 .comment       0x0000000000000021       0x13 /home/javier/tools/riscv/riscv32-unknown-elf/lib/libc_nano.a(lib_a-strlen.o)
 .comment       0x0000000000000021       0x13 /home/javier/tools/riscv/riscv32-unknown-elf/lib/libc_nano.a(lib_a-wbuf.o)
 .comment       0x0000000000000021       0x13 /home/javier/tools/riscv/riscv32-unknown-elf/lib/libc_nano.a(lib_a-wsetup.o)
 .comment       0x0000000000000021       0x13 /home/javier/tools/riscv/riscv32-unknown-elf/lib/libc_nano.a(lib_a-__atexit.o)
 .comment       0x0000000000000021       0x13 /home/javier/tools/riscv/riscv32-unknown-elf/lib/libc_nano.a(lib_a-__call_atexit.o)
 .comment       0x0000000000000021       0x13 /home/javier/tools/riscv/riscv32-unknown-elf/lib/libc_nano.a(lib_a-fflush.o)
 .comment       0x0000000000000021       0x13 /home/javier/tools/riscv/riscv32-unknown-elf/lib/libc_nano.a(lib_a-findfp.o)
 .comment       0x0000000000000021       0x13 /home/javier/tools/riscv/riscv32-unknown-elf/lib/libc_nano.a(lib_a-fwalk.o)
 .comment       0x0000000000000021       0x13 /home/javier/tools/riscv/riscv32-unknown-elf/lib/libc_nano.a(lib_a-makebuf.o)
 .comment       0x0000000000000021       0x13 /home/javier/tools/riscv/riscv32-unknown-elf/lib/libc_nano.a(lib_a-mlock.o)
 .comment       0x0000000000000021       0x13 /home/javier/tools/riscv/riscv32-unknown-elf/lib/libc_nano.a(lib_a-nano-vfprintf.o)
 .comment       0x0000000000000021       0x13 /home/javier/tools/riscv/riscv32-unknown-elf/lib/libc_nano.a(lib_a-nano-vfprintf_i.o)
 .comment       0x0000000000000021       0x13 /home/javier/tools/riscv/riscv32-unknown-elf/lib/libc_nano.a(lib_a-putc.o)
 .comment       0x0000000000000021       0x13 /home/javier/tools/riscv/riscv32-unknown-elf/lib/libc_nano.a(lib_a-stdio.o)
 .comment       0x0000000000000021       0x13 /home/javier/tools/riscv/riscv32-unknown-elf/lib/libc_nano.a(lib_a-closer.o)
 .comment       0x0000000000000021       0x13 /home/javier/tools/riscv/riscv32-unknown-elf/lib/libc_nano.a(lib_a-fstatr.o)
 .comment       0x0000000000000021       0x13 /home/javier/tools/riscv/riscv32-unknown-elf/lib/libc_nano.a(lib_a-isattyr.o)
 .comment       0x0000000000000021       0x13 /home/javier/tools/riscv/riscv32-unknown-elf/lib/libc_nano.a(lib_a-lseekr.o)
 .comment       0x0000000000000021       0x13 /home/javier/tools/riscv/riscv32-unknown-elf/lib/libc_nano.a(lib_a-memchr.o)
 .comment       0x0000000000000021       0x13 /home/javier/tools/riscv/riscv32-unknown-elf/lib/libc_nano.a(lib_a-readr.o)
 .comment       0x0000000000000021       0x10 /home/javier/tools/riscv/lib/gcc/riscv32-unknown-elf/12.2.0/libgcc.a(_bswapsi2.o)

.riscv.attributes
                0x0000000000000000       0x2a
 .riscv.attributes
                0x0000000000000000       0x2a CMakeFiles/main.elf.dir/home/javier/gr-heep/sw/applications/zsbl/main.c.obj
 .riscv.attributes
                0x000000000000002a       0x28 CMakeFiles/main.elf.dir/device/lib/crt/crt0.S.obj
 .riscv.attributes
                0x0000000000000052       0x1f CMakeFiles/main.elf.dir/device/lib/crt/vectors.S.obj
 .riscv.attributes
                0x0000000000000071       0x26 CMakeFiles/main.elf.dir/home/javier/gr-heep/sw/device/bsp/w25q/w25q.c.obj
 .riscv.attributes
                0x0000000000000097       0x2a CMakeFiles/main.elf.dir/home/javier/gr-heep/sw/device/lib/drivers/dma/dma.c.obj
 .riscv.attributes
                0x00000000000000c1       0x2a CMakeFiles/main.elf.dir/home/javier/gr-heep/sw/device/lib/drivers/fast_intr_ctrl/fast_intr_ctrl.c.obj
 .riscv.attributes
                0x00000000000000eb       0x2a CMakeFiles/main.elf.dir/home/javier/gr-heep/sw/device/lib/drivers/rv_plic/rv_plic.c.obj
 .riscv.attributes
                0x0000000000000115       0x26 CMakeFiles/main.elf.dir/home/javier/gr-heep/sw/device/lib/drivers/soc_ctrl/soc_ctrl.c.obj
 .riscv.attributes
                0x000000000000013b       0x26 CMakeFiles/main.elf.dir/home/javier/gr-heep/sw/device/lib/drivers/spi_host/spi_host.c.obj
 .riscv.attributes
                0x0000000000000161       0x26 CMakeFiles/main.elf.dir/home/javier/gr-heep/sw/device/lib/drivers/uart/uart.c.obj
 .riscv.attributes
                0x0000000000000187       0x2a CMakeFiles/main.elf.dir/home/javier/gr-heep/sw/device/lib/runtime/handler.c.obj
 .riscv.attributes
                0x00000000000001b1       0x26 CMakeFiles/main.elf.dir/home/javier/gr-heep/sw/device/lib/runtime/init.c.obj
 .riscv.attributes
                0x00000000000001d7       0x2a CMakeFiles/main.elf.dir/home/javier/gr-heep/sw/device/lib/runtime/syscalls.c.obj
 .riscv.attributes
                0x0000000000000201       0x2a CMakeFiles/main.elf.dir/home/javier/gr-heep/sw/device/lib/sdk/spi/spi_sdk.c.obj
 .riscv.attributes
                0x000000000000022b       0x26 /home/javier/tools/riscv/riscv32-unknown-elf/lib/libc_nano.a(lib_a-atexit.o)
 .riscv.attributes
                0x0000000000000251       0x26 /home/javier/tools/riscv/riscv32-unknown-elf/lib/libc_nano.a(lib_a-exit.o)
 .riscv.attributes
                0x0000000000000277       0x26 /home/javier/tools/riscv/riscv32-unknown-elf/lib/libc_nano.a(lib_a-fini.o)
 .riscv.attributes
                0x000000000000029d       0x26 /home/javier/tools/riscv/riscv32-unknown-elf/lib/libc_nano.a(lib_a-impure.o)
 .riscv.attributes
                0x00000000000002c3       0x26 /home/javier/tools/riscv/riscv32-unknown-elf/lib/libc_nano.a(lib_a-init.o)
 .riscv.attributes
                0x00000000000002e9       0x26 /home/javier/tools/riscv/riscv32-unknown-elf/lib/libc_nano.a(lib_a-memcmp.o)
 .riscv.attributes
                0x000000000000030f       0x24 /home/javier/tools/riscv/riscv32-unknown-elf/lib/libc_nano.a(lib_a-memcpy-asm.o)
 .riscv.attributes
                0x0000000000000333       0x24 /home/javier/tools/riscv/riscv32-unknown-elf/lib/libc_nano.a(lib_a-memset.o)
 .riscv.attributes
                0x0000000000000357       0x26 /home/javier/tools/riscv/riscv32-unknown-elf/lib/libc_nano.a(lib_a-nano-freer.o)
 .riscv.attributes
                0x000000000000037d       0x26 /home/javier/tools/riscv/riscv32-unknown-elf/lib/libc_nano.a(lib_a-nano-mallocr.o)
 .riscv.attributes
                0x00000000000003a3       0x26 /home/javier/tools/riscv/riscv32-unknown-elf/lib/libc_nano.a(lib_a-printf.o)
 .riscv.attributes
                0x00000000000003c9       0x26 /home/javier/tools/riscv/riscv32-unknown-elf/lib/libc_nano.a(lib_a-putchar.o)
 .riscv.attributes
                0x00000000000003ef       0x26 /home/javier/tools/riscv/riscv32-unknown-elf/lib/libc_nano.a(lib_a-puts.o)
 .riscv.attributes
                0x0000000000000415       0x26 /home/javier/tools/riscv/riscv32-unknown-elf/lib/libc_nano.a(lib_a-reent.o)
 .riscv.attributes
                0x000000000000043b       0x26 /home/javier/tools/riscv/riscv32-unknown-elf/lib/libc_nano.a(lib_a-sbrkr.o)
 .riscv.attributes
                0x0000000000000461       0x26 /home/javier/tools/riscv/riscv32-unknown-elf/lib/libc_nano.a(lib_a-strlen.o)
 .riscv.attributes
                0x0000000000000487       0x26 /home/javier/tools/riscv/riscv32-unknown-elf/lib/libc_nano.a(lib_a-wbuf.o)
 .riscv.attributes
                0x00000000000004ad       0x26 /home/javier/tools/riscv/riscv32-unknown-elf/lib/libc_nano.a(lib_a-wsetup.o)
 .riscv.attributes
                0x00000000000004d3       0x26 /home/javier/tools/riscv/riscv32-unknown-elf/lib/libc_nano.a(lib_a-__atexit.o)
 .riscv.attributes
                0x00000000000004f9       0x26 /home/javier/tools/riscv/riscv32-unknown-elf/lib/libc_nano.a(lib_a-__call_atexit.o)
 .riscv.attributes
                0x000000000000051f       0x26 /home/javier/tools/riscv/riscv32-unknown-elf/lib/libc_nano.a(lib_a-fflush.o)
 .riscv.attributes
                0x0000000000000545       0x26 /home/javier/tools/riscv/riscv32-unknown-elf/lib/libc_nano.a(lib_a-findfp.o)
 .riscv.attributes
                0x000000000000056b       0x26 /home/javier/tools/riscv/riscv32-unknown-elf/lib/libc_nano.a(lib_a-fwalk.o)
 .riscv.attributes
                0x0000000000000591       0x26 /home/javier/tools/riscv/riscv32-unknown-elf/lib/libc_nano.a(lib_a-makebuf.o)
 .riscv.attributes
                0x00000000000005b7       0x26 /home/javier/tools/riscv/riscv32-unknown-elf/lib/libc_nano.a(lib_a-mlock.o)
 .riscv.attributes
                0x00000000000005dd       0x26 /home/javier/tools/riscv/riscv32-unknown-elf/lib/libc_nano.a(lib_a-nano-vfprintf.o)
 .riscv.attributes
                0x0000000000000603       0x26 /home/javier/tools/riscv/riscv32-unknown-elf/lib/libc_nano.a(lib_a-nano-vfprintf_i.o)
 .riscv.attributes
                0x0000000000000629       0x26 /home/javier/tools/riscv/riscv32-unknown-elf/lib/libc_nano.a(lib_a-putc.o)
 .riscv.attributes
                0x000000000000064f       0x26 /home/javier/tools/riscv/riscv32-unknown-elf/lib/libc_nano.a(lib_a-stdio.o)
 .riscv.attributes
                0x0000000000000675       0x26 /home/javier/tools/riscv/riscv32-unknown-elf/lib/libc_nano.a(lib_a-closer.o)
 .riscv.attributes
                0x000000000000069b       0x26 /home/javier/tools/riscv/riscv32-unknown-elf/lib/libc_nano.a(lib_a-fstatr.o)
 .riscv.attributes
                0x00000000000006c1       0x26 /home/javier/tools/riscv/riscv32-unknown-elf/lib/libc_nano.a(lib_a-isattyr.o)
 .riscv.attributes
                0x00000000000006e7       0x26 /home/javier/tools/riscv/riscv32-unknown-elf/lib/libc_nano.a(lib_a-lseekr.o)
 .riscv.attributes
                0x000000000000070d       0x26 /home/javier/tools/riscv/riscv32-unknown-elf/lib/libc_nano.a(lib_a-memchr.o)
 .riscv.attributes
                0x0000000000000733       0x26 /home/javier/tools/riscv/riscv32-unknown-elf/lib/libc_nano.a(lib_a-readr.o)
 .riscv.attributes
                0x0000000000000759       0x26 /home/javier/tools/riscv/lib/gcc/riscv32-unknown-elf/12.2.0/libgcc.a(_bswapsi2.o)

.debug_frame    0x0000000000000000     0x211c
 .debug_frame   0x0000000000000000       0x94 CMakeFiles/main.elf.dir/home/javier/gr-heep/sw/applications/zsbl/main.c.obj
 .debug_frame   0x0000000000000094      0x69c CMakeFiles/main.elf.dir/home/javier/gr-heep/sw/device/bsp/w25q/w25q.c.obj
 .debug_frame   0x0000000000000730      0x214 CMakeFiles/main.elf.dir/home/javier/gr-heep/sw/device/lib/drivers/dma/dma.c.obj
 .debug_frame   0x0000000000000944      0x800 CMakeFiles/main.elf.dir/home/javier/gr-heep/sw/device/lib/drivers/fast_intr_ctrl/fast_intr_ctrl.c.obj
 .debug_frame   0x0000000000001144      0x19c CMakeFiles/main.elf.dir/home/javier/gr-heep/sw/device/lib/drivers/rv_plic/rv_plic.c.obj
 .debug_frame   0x00000000000012e0       0xb8 CMakeFiles/main.elf.dir/home/javier/gr-heep/sw/device/lib/drivers/soc_ctrl/soc_ctrl.c.obj
 .debug_frame   0x0000000000001398      0x30c CMakeFiles/main.elf.dir/home/javier/gr-heep/sw/device/lib/drivers/spi_host/spi_host.c.obj
 .debug_frame   0x00000000000016a4       0x94 CMakeFiles/main.elf.dir/home/javier/gr-heep/sw/device/lib/drivers/uart/uart.c.obj
 .debug_frame   0x0000000000001738      0x1a4 CMakeFiles/main.elf.dir/home/javier/gr-heep/sw/device/lib/runtime/handler.c.obj
 .debug_frame   0x00000000000018dc       0x20 CMakeFiles/main.elf.dir/home/javier/gr-heep/sw/device/lib/runtime/init.c.obj
 .debug_frame   0x00000000000018fc      0x2b0 CMakeFiles/main.elf.dir/home/javier/gr-heep/sw/device/lib/runtime/syscalls.c.obj
 .debug_frame   0x0000000000001bac      0x550 CMakeFiles/main.elf.dir/home/javier/gr-heep/sw/device/lib/sdk/spi/spi_sdk.c.obj
 .debug_frame   0x00000000000020fc       0x20 /home/javier/tools/riscv/lib/gcc/riscv32-unknown-elf/12.2.0/libgcc.a(_bswapsi2.o)
